[
  [
    "-push-notification.$domain=~github.com",
    [
      555240
    ]
  ],
  [
    "-push-notification/$domain=~github.com",
    [
      555241
    ]
  ],
  [
    "/accusmartwebpush-fire-push-public.js",
    [
      555242
    ]
  ],
  [
    "/al-fb-notification/assets/scripts/al-main-script.js",
    [
      555243
    ]
  ],
  [
    "/amp-user-notification-",
    [
      555244
    ]
  ],
  [
    "/amp-web-push-0.1.js",
    [
      555245
    ]
  ],
  [
    "/assets/www/notification.",
    [
      555246
    ]
  ],
  [
    "/build/push.js",
    [
      555247
    ]
  ],
  [
    "/checkPush.js",
    [
      555248
    ]
  ],
  [
    "/content/js/push.js",
    [
      555249
    ]
  ],
  [
    "/fcmPush.js",
    [
      555250
    ]
  ],
  [
    "/FeedifySW.js",
    [
      555251
    ]
  ],
  [
    "/flying_push.js",
    [
      555252
    ]
  ],
  [
    "/ilabspush.min.js",
    [
      555253
    ]
  ],
  [
    "/inpl.webpush.js",
    [
      555254
    ]
  ],
  [
    "/jquery-notification.js",
    [
      555255
    ]
  ],
  [
    "/jsb/pushnotifications?",
    [
      555256
    ]
  ],
  [
    "/list_notificaciones.php",
    [
      555257
    ]
  ],
  [
    "/maximizly-push.js",
    [
      555258
    ]
  ],
  [
    "/modules/notifications.$domain=~forum.vivaldi.net|~pasty.lus.pm",
    [
      555259
    ]
  ],
  [
    "/mp-web-notification.js",
    [
      555260
    ]
  ],
  [
    "/notification-prod-sw.js",
    [
      555261
    ]
  ],
  [
    "/notification-sw.js",
    [
      555262
    ]
  ],
  [
    "/notification/notify.js",
    [
      555263
    ]
  ],
  [
    "/notifyme.js",
    [
      555264
    ]
  ],
  [
    "/notifyme.min.js",
    [
      555265
    ]
  ],
  [
    "/one-signal.js",
    [
      555266
    ]
  ],
  [
    "/one-signal.min.js",
    [
      555267
    ]
  ],
  [
    "/onesignal.js",
    [
      555268
    ]
  ],
  [
    "/onesignal.min.",
    [
      555269
    ]
  ],
  [
    "/onesignal/manifest.",
    [
      555270
    ]
  ],
  [
    "/onesignalfix.js",
    [
      555271
    ]
  ],
  [
    "/OneSignalSDKUpdaterWorker.js",
    [
      555272
    ]
  ],
  [
    "/OneSignalSDKWorker.js",
    [
      555273
    ]
  ],
  [
    "/perfecty-push-sdk.min.js",
    [
      555274
    ]
  ],
  [
    "/plugins/tfnotifier-wp/swloader.php",
    [
      555275
    ]
  ],
  [
    "/push-notification.js",
    [
      555276
    ]
  ],
  [
    "/push-notification.min.js",
    [
      555277
    ]
  ],
  [
    "/push-notification/*$domain=~upwork.com",
    [
      555278
    ]
  ],
  [
    "/push-notifications.$~stylesheet",
    [
      555279
    ]
  ],
  [
    "/push-notifications/*",
    [
      555280
    ]
  ],
  [
    "/push-notifications?",
    [
      555281
    ]
  ],
  [
    "/push-sw.js",
    [
      555282
    ]
  ],
  [
    "/push-worker-$script",
    [
      555283
    ]
  ],
  [
    "/push-wrap.js",
    [
      555284
    ]
  ],
  [
    "/push/sbscr.js",
    [
      555285
    ]
  ],
  [
    "/push/sbscrp.js",
    [
      555286
    ]
  ],
  [
    "/push/subscribe.js",
    [
      555287
    ]
  ],
  [
    "/push_app.js",
    [
      555288
    ]
  ],
  [
    "/push_notification.js",
    [
      555289
    ]
  ],
  [
    "/push_notification.min.js",
    [
      555290
    ]
  ],
  [
    "/push_notification/*",
    [
      555291
    ]
  ],
  [
    "/push_notifications.js",
    [
      555292
    ]
  ],
  [
    "/push_subscription.js",
    [
      555293
    ]
  ],
  [
    "/pushes/firebase.js",
    [
      555294
    ]
  ],
  [
    "/pushes/notification.js",
    [
      555295
    ]
  ],
  [
    "/PushexSDK.js",
    [
      555296
    ]
  ],
  [
    "/pushly-sdk.min.js",
    [
      555297
    ]
  ],
  [
    "/pushNotification.js",
    [
      555298
    ]
  ],
  [
    "/pushNotifications.js",
    [
      555299
    ]
  ],
  [
    "/pushnotifications/*",
    [
      555300
    ]
  ],
  [
    "/pushNotificationSdkJS.js",
    [
      555301
    ]
  ],
  [
    "/pushpro-lib.js",
    [
      555302
    ]
  ],
  [
    "/pushsubscribe.js",
    [
      555303
    ]
  ],
  [
    "/pushup-notification/push-app.js",
    [
      555304
    ]
  ],
  [
    "/pushup-notification/push-messaging.js",
    [
      555305
    ]
  ],
  [
    "/pushv2.js",
    [
      555306
    ]
  ],
  [
    "/pushwoosh-service-worker.js",
    [
      555307
    ]
  ],
  [
    "/pushwoosh-web-notifications.js",
    [
      555308
    ]
  ],
  [
    "/pushwoosh-web-pushes-http-sdk.js",
    [
      555309
    ]
  ],
  [
    "/pushy-ver.js",
    [
      555310
    ]
  ],
  [
    "/scripts/onesignal.js",
    [
      555311
    ]
  ],
  [
    "/site-notification-desk.min.js",
    [
      555312
    ]
  ],
  [
    "/smio-push-notification/js/frontend_webpush.js",
    [
      555313
    ]
  ],
  [
    "/subscribe-push-notifications.js",
    [
      555314
    ]
  ],
  [
    "/web-push-notifications.js",
    [
      555315
    ]
  ],
  [
    "/web-push.js",
    [
      555316
    ]
  ],
  [
    "/web-push/init.min.js",
    [
      555317
    ]
  ],
  [
    "/webalert-notification.js",
    [
      555318
    ]
  ],
  [
    "/webnotf.js",
    [
      555319
    ]
  ],
  [
    "/webnotification.js",
    [
      555320
    ]
  ],
  [
    "/webpush-production.js",
    [
      555321
    ]
  ],
  [
    "/webpush.js",
    [
      555322
    ]
  ],
  [
    "/webpush.min.js",
    [
      555323
    ]
  ],
  [
    "/webpush_register.php",
    [
      555324
    ]
  ],
  [
    "/webPushNotifications.js",
    [
      555325
    ]
  ],
  [
    "/wonderpush-loader.min.js",
    [
      555326
    ]
  ],
  [
    "/wonderpush.js",
    [
      555327
    ]
  ],
  [
    "/wonderpush.min.js",
    [
      555328
    ]
  ],
  [
    "/wordpress-fire-push-public.js",
    [
      555329
    ]
  ],
  [
    "/wp-notification-bars-public.js",
    [
      555330
    ]
  ],
  [
    "/app-banner/*$xmlhttprequest",
    [
      555331
    ]
  ],
  [
    "/jquery.androidbanner.js",
    [
      555332
    ]
  ],
  [
    "/js-mobile-*/header_$script",
    [
      555333
    ]
  ],
  [
    "/js/jquery.smartbanner.js|",
    [
      555334
    ]
  ],
  [
    "/js/jquery.smartbanner.min.js|",
    [
      555335
    ]
  ],
  [
    "/mobile-welcome-overlay/*$script",
    [
      555336
    ]
  ],
  [
    "/smart-app-banner.js",
    [
      555337
    ]
  ],
  [
    "||api-push.com^$third-party",
    [
      555338
    ]
  ],
  [
    "||azureedge.net/js/cookie_notificacao.min.js",
    [
      555339
    ]
  ],
  [
    "||bildirnet.com^$third-party",
    [
      555340
    ]
  ],
  [
    "||braze.com^$third-party",
    [
      555341
    ]
  ],
  [
    "||cappushino.com^$third-party",
    [
      555342
    ]
  ],
  [
    "||cdn.qgr.ph^$third-party",
    [
      555343
    ]
  ],
  [
    "||cdn.qgraph.io^$third-party",
    [
      555344
    ]
  ],
  [
    "||centrnotify.com^$third-party",
    [
      555345
    ]
  ],
  [
    "||checke.biz^$third-party",
    [
      555346
    ]
  ],
  [
    "||confirmit.com^$third-party",
    [
      555347
    ]
  ],
  [
    "||conforama-push.com^$third-party",
    [
      555348
    ]
  ],
  [
    "||contentsitesrv.com/js/push/$third-party",
    [
      555349
    ]
  ],
  [
    "||css.xjsx.lol^$third-party",
    [
      555350
    ]
  ],
  [
    "||digipush.io^$third-party",
    [
      555351
    ]
  ],
  [
    "||dpns-notifications.com^$third-party",
    [
      555352
    ]
  ],
  [
    "||easyfeeed.com^$third-party",
    [
      555353
    ]
  ],
  [
    "||evolok.net^$third-party",
    [
      555354
    ]
  ],
  [
    "||farteniuson.com^$third-party",
    [
      555355
    ]
  ],
  [
    "||getnotification.me^$third-party",
    [
      555356
    ]
  ],
  [
    "||irpush.com^$third-party",
    [
      555357
    ]
  ],
  [
    "||jubi.ai/buttonbot/$script,third-party",
    [
      555358
    ]
  ],
  [
    "||krakenoptimize.com^$third-party",
    [
      555359
    ]
  ],
  [
    "||luravius.com^$third-party",
    [
      555360
    ]
  ],
  [
    "||medallia.com^*/onsite/embed.js",
    [
      555361
    ]
  ],
  [
    "||neopush.io^$third-party",
    [
      555362
    ]
  ],
  [
    "||news2day.me^$third-party",
    [
      555363
    ]
  ],
  [
    "||notification-time.com^$third-party",
    [
      555364
    ]
  ],
  [
    "||notification.tubecup.net^",
    [
      555365
    ]
  ],
  [
    "||notifications.ltd^$third-party",
    [
      555366
    ]
  ],
  [
    "||notifikuj.cz^$third-party",
    [
      555367
    ]
  ],
  [
    "||notifstation.com^$third-party",
    [
      555368
    ]
  ],
  [
    "||notix.io^$third-party",
    [
      555369
    ]
  ],
  [
    "||ntvsw.com^$third-party",
    [
      555370
    ]
  ],
  [
    "||partishion.com^$third-party",
    [
      555371
    ]
  ],
  [
    "||pathlime.com^$third-party",
    [
      555372
    ]
  ],
  [
    "||popmechanic.ru^$third-party",
    [
      555373
    ]
  ],
  [
    "||propush.net^$third-party",
    [
      555374
    ]
  ],
  [
    "||pt.appirits.com^$third-party",
    [
      555375
    ]
  ],
  [
    "||puscomosca.com^$third-party",
    [
      555376
    ]
  ],
  [
    "||push-centr.com^$third-party",
    [
      555377
    ]
  ],
  [
    "||push-centr.net^$third-party",
    [
      555378
    ]
  ],
  [
    "||push-engage.com^$third-party",
    [
      555379
    ]
  ],
  [
    "||push-notifications.top^$third-party",
    [
      555380
    ]
  ],
  [
    "||push-pro.net^$third-party",
    [
      555381
    ]
  ],
  [
    "||push.asahiinteractive.com^",
    [
      555382
    ]
  ],
  [
    "||push.bytesignal.com^",
    [
      555383
    ]
  ],
  [
    "||push.daksham.in^$third-party",
    [
      555384
    ]
  ],
  [
    "||push.delivery.ethinking.de^",
    [
      555385
    ]
  ],
  [
    "||push.delivery^$third-party",
    [
      555386
    ]
  ],
  [
    "||push.esputnik.com^",
    [
      555387
    ]
  ],
  [
    "||push.getbeamer.com^",
    [
      555388
    ]
  ],
  [
    "||push.knd.ro^",
    [
      555389
    ]
  ],
  [
    "||push.newscraft.io^",
    [
      555390
    ]
  ],
  [
    "||push.reamaze.com^",
    [
      555391
    ]
  ],
  [
    "||push.rollout.io^$third-party",
    [
      555392
    ]
  ],
  [
    "||push.world^$third-party",
    [
      555393
    ]
  ],
  [
    "||pushaddict.com^$third-party",
    [
      555394
    ]
  ],
  [
    "||pushango.com^$third-party",
    [
      555395
    ]
  ],
  [
    "||pushassist.com^$third-party",
    [
      555396
    ]
  ],
  [
    "||pushaya.com^$third-party",
    [
      555397
    ]
  ],
  [
    "||pushbaza.com^$third-party",
    [
      555398
    ]
  ],
  [
    "||pushbots.com^$third-party",
    [
      555399
    ]
  ],
  [
    "||pushbox.info^$third-party",
    [
      555400
    ]
  ],
  [
    "||pushcentr.com^$third-party",
    [
      555401
    ]
  ],
  [
    "||pushchev.info^$third-party",
    [
      555402
    ]
  ],
  [
    "||pushcrew.com^$third-party",
    [
      555403
    ]
  ],
  [
    "||pushdealer.com^$third-party",
    [
      555404
    ]
  ],
  [
    "||pushe.co^$third-party",
    [
      555405
    ]
  ],
  [
    "||pusherapp.com^$third-party",
    [
      555406
    ]
  ],
  [
    "||pushinpage.com^$third-party",
    [
      555407
    ]
  ],
  [
    "||pushinstruments.com^$third-party",
    [
      555408
    ]
  ],
  [
    "||pushio.com^$third-party",
    [
      555409
    ]
  ],
  [
    "||pushjunky.com^$third-party",
    [
      555410
    ]
  ],
  [
    "||pushkahouse.com^$third-party",
    [
      555411
    ]
  ],
  [
    "||pushkaplus.com^$third-party",
    [
      555412
    ]
  ],
  [
    "||pushly.com^$third-party",
    [
      555413
    ]
  ],
  [
    "||pushmaster-cdn.xyz^$third-party",
    [
      555414
    ]
  ],
  [
    "||pushmejs.com^$third-party",
    [
      555415
    ]
  ],
  [
    "||pushnews.eu^$third-party",
    [
      555416
    ]
  ],
  [
    "||pushnotifications.click^$third-party",
    [
      555417
    ]
  ],
  [
    "||pushouse.com^$third-party",
    [
      555418
    ]
  ],
  [
    "||pushowl.com^$third-party",
    [
      555419
    ]
  ],
  [
    "||pushpad.xyz^$third-party",
    [
      555420
    ]
  ],
  [
    "||pushpanda.io^$third-party",
    [
      555421
    ]
  ],
  [
    "||pushpro.io^$third-party",
    [
      555422
    ]
  ],
  [
    "||pushprofit.ru^$third-party",
    [
      555423
    ]
  ],
  [
    "||pushprospush.com^$third-party",
    [
      555424
    ]
  ],
  [
    "||pushpushgo.com^$third-party",
    [
      555425
    ]
  ],
  [
    "||pushstack.it^$third-party",
    [
      555426
    ]
  ],
  [
    "||pushtide.com^$third-party",
    [
      555427
    ]
  ],
  [
    "||pushvip.ru^$third-party",
    [
      555428
    ]
  ],
  [
    "||pushwhy.com^$third-party",
    [
      555429
    ]
  ],
  [
    "||pushy.ai^$third-party",
    [
      555430
    ]
  ],
  [
    "||quarepush.com^$third-party",
    [
      555431
    ]
  ],
  [
    "||quaruzon.com^$third-party",
    [
      555432
    ]
  ],
  [
    "||realpush.media^$third-party",
    [
      555433
    ]
  ],
  [
    "||realpush.network^$third-party",
    [
      555434
    ]
  ],
  [
    "||revpusher.com^$third-party",
    [
      555435
    ]
  ],
  [
    "||sckxppzdm.com^$third-party",
    [
      555436
    ]
  ],
  [
    "||signaly.co^$third-party",
    [
      555437
    ]
  ],
  [
    "||snrcdn.net^$third-party",
    [
      555438
    ]
  ],
  [
    "||spacepush.ru^$third-party",
    [
      555439
    ]
  ],
  [
    "||system-notify.app^$third-party",
    [
      555440
    ]
  ],
  [
    "||ternairsoftware.com/publicwebpush/",
    [
      555441
    ]
  ],
  [
    "||topswp.com^$third-party",
    [
      555442
    ]
  ],
  [
    "||unative.com^$third-party",
    [
      555443
    ]
  ],
  [
    "||viafoura.net/push_handlers.js",
    [
      555444
    ]
  ],
  [
    "||virtualpushplatform.com^$third-party",
    [
      555445
    ]
  ],
  [
    "||webpush.jp^$third-party",
    [
      555446
    ]
  ],
  [
    "||webpushr.com^$third-party",
    [
      555447
    ]
  ],
  [
    "||webpushs.com^$third-party",
    [
      555448
    ]
  ],
  [
    "||whitepush.biz^$third-party",
    [
      555449
    ]
  ],
  [
    "||worldpush.co^$third-party",
    [
      555450
    ]
  ],
  [
    "||wps.relateddigital.com^$third-party",
    [
      555451
    ]
  ],
  [
    "||wpush.biz^$third-party",
    [
      555452
    ]
  ],
  [
    "||wpushsdk.com^$third-party",
    [
      555453
    ]
  ],
  [
    "||xedo.me^$third-party",
    [
      555454
    ]
  ],
  [
    "||youlead.pl/webpushprompt.js",
    [
      555455
    ]
  ],
  [
    "||accengage.net^$third-party",
    [
      555456
    ]
  ],
  [
    "||actirinius.com^$third-party",
    [
      555457
    ]
  ],
  [
    "||aimtell.com^$third-party",
    [
      555458
    ]
  ],
  [
    "||alertme.news^$third-party",
    [
      555459
    ]
  ],
  [
    "||amazonaws.com/cdn.aimtell.com/",
    [
      555460
    ]
  ],
  [
    "||aswpsdkeu.com^$third-party",
    [
      555461
    ]
  ],
  [
    "||aswpsdkus.com^$third-party",
    [
      555462
    ]
  ],
  [
    "||bildirt.com^$third-party",
    [
      555463
    ]
  ],
  [
    "||bosspush.com^$third-party",
    [
      555464
    ]
  ],
  [
    "||browserpusher.com^$third-party",
    [
      555465
    ]
  ],
  [
    "||cdn-sitegainer.com^$third-party",
    [
      555466
    ]
  ],
  [
    "||cleverpush.com^$third-party",
    [
      555467
    ]
  ],
  [
    "||copush.com^$third-party",
    [
      555468
    ]
  ],
  [
    "||cracataum.com^$third-party",
    [
      555469
    ]
  ],
  [
    "||danorenius.com^$third-party",
    [
      555470
    ]
  ],
  [
    "||digitalpush.org^$third-party",
    [
      555471
    ]
  ],
  [
    "||edrone.me^$third-party",
    [
      555472
    ]
  ],
  [
    "||face-push.com^$third-party",
    [
      555473
    ]
  ],
  [
    "||feedify.net^$third-party",
    [
      555474
    ]
  ],
  [
    "||feraciumus.com^$third-party",
    [
      555475
    ]
  ],
  [
    "||fernomius.com^$third-party",
    [
      555476
    ]
  ],
  [
    "||fkondate.com^$third-party",
    [
      555477
    ]
  ],
  [
    "||foxpush.com^$third-party",
    [
      555478
    ]
  ],
  [
    "||foxpush.net^$third-party",
    [
      555479
    ]
  ],
  [
    "||getback.ch^$third-party",
    [
      555480
    ]
  ],
  [
    "||getpush.net^$third-party",
    [
      555481
    ]
  ],
  [
    "||getpushmonkey.com^$third-party",
    [
      555482
    ]
  ],
  [
    "||gravitec.net^$third-party",
    [
      555483
    ]
  ],
  [
    "||heroesdom.com^$third-party",
    [
      555484
    ]
  ],
  [
    "||jeeng.com^$third-party",
    [
      555485
    ]
  ],
  [
    "||kattepush.com^$third-party",
    [
      555486
    ]
  ],
  [
    "||master-push.com^$third-party",
    [
      555487
    ]
  ],
  [
    "||master-push.net^$third-party",
    [
      555488
    ]
  ],
  [
    "||misrepush.com^$third-party",
    [
      555489
    ]
  ],
  [
    "||moengage.com^$third-party",
    [
      555490
    ]
  ],
  [
    "||mp3vizor.com^$third-party",
    [
      555491
    ]
  ],
  [
    "||najva.com^$third-party",
    [
      555492
    ]
  ],
  [
    "||nativesubscribe.pro^$third-party",
    [
      555493
    ]
  ],
  [
    "||notifadz.com^$third-party",
    [
      555494
    ]
  ],
  [
    "||notifpush.com^$third-party",
    [
      555495
    ]
  ],
  [
    "||notify.solutions^$third-party",
    [
      555496
    ]
  ],
  [
    "||olgtex.com^$third-party",
    [
      555497
    ]
  ],
  [
    "||on-push.com^$third-party",
    [
      555498
    ]
  ],
  [
    "||onepush.app^$third-party",
    [
      555499
    ]
  ],
  [
    "||provesrc.com^$third-party",
    [
      555500
    ]
  ],
  [
    "||psh.one^$third-party",
    [
      555501
    ]
  ],
  [
    "||push-ad.com^$third-party",
    [
      555502
    ]
  ],
  [
    "||push-free.com^$third-party",
    [
      555503
    ]
  ],
  [
    "||push-house.net^$third-party",
    [
      555504
    ]
  ],
  [
    "||pushalert.co^$third-party",
    [
      555505
    ]
  ],
  [
    "||pushbird.com^$third-party",
    [
      555506
    ]
  ],
  [
    "||pushbullet.com^$third-party",
    [
      555507
    ]
  ],
  [
    "||pushengage.com^$third-party",
    [
      555508
    ]
  ],
  [
    "||pushex.io^$third-party",
    [
      555509
    ]
  ],
  [
    "||pushible.com^$third-party",
    [
      555510
    ]
  ],
  [
    "||pushify.com^$third-party",
    [
      555511
    ]
  ],
  [
    "||pushwoosh.com^$third-party",
    [
      555512
    ]
  ],
  [
    "||reprocautious.com^$third-party",
    [
      555513
    ]
  ],
  [
    "||sendpulse.com^$third-party",
    [
      555514
    ]
  ],
  [
    "||setrowid.com^$third-party",
    [
      555515
    ]
  ],
  [
    "||shroughtened.com^$third-party",
    [
      555516
    ]
  ],
  [
    "||sm-epsilon.com^$third-party",
    [
      555517
    ]
  ],
  [
    "||snd.tc^$third-party",
    [
      555518
    ]
  ],
  [
    "||subscribers.com^$third-party",
    [
      555519
    ]
  ],
  [
    "||truenat.bid^$third-party",
    [
      555520
    ]
  ],
  [
    "||truepush.com^$third-party",
    [
      555521
    ]
  ],
  [
    "||urbanairship.com^$third-party",
    [
      555522
    ]
  ],
  [
    "||viapush.com^$third-party",
    [
      555523
    ]
  ],
  [
    "||webpu.sh^$third-party",
    [
      555524
    ]
  ],
  [
    "||whiteclick.biz^$third-party",
    [
      555525
    ]
  ],
  [
    "||wnpbdan.bid^$third-party",
    [
      555526
    ]
  ],
  [
    "||wonderpush.com^$third-party",
    [
      555527
    ]
  ],
  [
    "||wwclicknews.club^$third-party",
    [
      555528
    ]
  ],
  [
    "||wwclicktm.club^$third-party",
    [
      555529
    ]
  ],
  [
    "||xtremepush.com^$third-party",
    [
      555530
    ]
  ],
  [
    "||app.adjust.net.in/smart_banner",
    [
      555531
    ]
  ],
  [
    "||mobi24.net^$third-party",
    [
      555532
    ]
  ],
  [
    "/firebase-messaging.js$script,domain=tribunnews.com",
    [
      555533
    ]
  ],
  [
    "||9to5terminal.com/push.js",
    [
      555534
    ]
  ],
  [
    "||abendpoint.com/dist/js/push.js",
    [
      555535
    ]
  ],
  [
    "||alerts.ndtv.com^",
    [
      555536
    ]
  ],
  [
    "||alerts.thedailystar.net^",
    [
      555537
    ]
  ],
  [
    "||alibaba.com/sw.js",
    [
      555538
    ]
  ],
  [
    "||annahar.com/assets/js/notifications.js",
    [
      555539
    ]
  ],
  [
    "||astian.org/?push_notification_sw",
    [
      555540
    ]
  ],
  [
    "||bdstatic.com/linksubmit/push.js",
    [
      555541
    ]
  ],
  [
    "||dailymail.co.uk/api/web-push-notification/",
    [
      555542
    ]
  ],
  [
    "||gadgetsnow.com/sw.cms",
    [
      555543
    ]
  ],
  [
    "||gstatic.com/firebasejs/$domain=joins.com|packaginginsights.com",
    [
      555544
    ]
  ],
  [
    "||hindustantimes.com/messaging-sw.js",
    [
      555545
    ]
  ],
  [
    "||hindustantimes.com/sw.js",
    [
      555546
    ]
  ],
  [
    "||hindustantimes.com^*/ht-notification-",
    [
      555547
    ]
  ],
  [
    "||hulkprod.anm.co.uk/api/web-push-notification/",
    [
      555548
    ]
  ],
  [
    "||imyfone.com/*/notification/$script",
    [
      555549
    ]
  ],
  [
    "||indiatimes.com/pn/",
    [
      555550
    ]
  ],
  [
    "||iol.co.za/sw.js",
    [
      555551
    ]
  ],
  [
    "||kogan.com/sw.js",
    [
      555552
    ]
  ],
  [
    "||latestdeals.co.uk/sw.js",
    [
      555553
    ]
  ],
  [
    "||msn.com/bundles/v1/homePage/latest/experiences_conditional-banner",
    [
      555554
    ]
  ],
  [
    "||ndtv.com/js/breaking_pushalert_revised.js",
    [
      555555
    ]
  ],
  [
    "||ndtv.com/sw.js",
    [
      555556
    ]
  ],
  [
    "||newsukraine.rbc.ua/sworker.js",
    [
      555557
    ]
  ],
  [
    "||nookazon.com/firebase-messaging-sw.js",
    [
      555558
    ]
  ],
  [
    "||notify.hindustantimes.com^",
    [
      555559
    ]
  ],
  [
    "||phys.org/push-sw.js",
    [
      555560
    ]
  ],
  [
    "||push.cnnindonesia.com^",
    [
      555561
    ]
  ],
  [
    "||push.ictsd.org^",
    [
      555562
    ]
  ],
  [
    "||renaultsport.com/spip.php?page=sw.js",
    [
      555563
    ]
  ],
  [
    "||rottentomatoes.com/service-worker/sw.js",
    [
      555564
    ]
  ],
  [
    "||rt.com/homescreen-sw.js",
    [
      555565
    ]
  ],
  [
    "||sammobile.com/wp-content/plugins/sam-push-notifications/",
    [
      555566
    ]
  ],
  [
    "||scmp.com/sw.js",
    [
      555567
    ]
  ],
  [
    "||seattletimes.com/wp-content/plugins/st-user-messaging/$script",
    [
      555568
    ]
  ],
  [
    "||sportskeeda.com/js/production/web-notifications/",
    [
      555569
    ]
  ],
  [
    "||techwalla.com/push-service-worker.js",
    [
      555570
    ]
  ],
  [
    "||telegraphindia.com/akam-sw.js",
    [
      555571
    ]
  ],
  [
    "||timesnownews.com/sw.js",
    [
      555572
    ]
  ],
  [
    "||ultimedia.com/js/common/notification.js",
    [
      555573
    ]
  ],
  [
    "||weather.com/*.MedalliaSurvey.",
    [
      555574
    ]
  ],
  [
    "||0564.ua/assets/d6ade384/js/alertsWidget.js",
    [
      555575
    ]
  ],
  [
    "||ad-hoc-news.de/js/push.js",
    [
      555576
    ]
  ],
  [
    "||agazeta.com.br/assets/javascript/notification.js",
    [
      555577
    ]
  ],
  [
    "||cnnindonesia.com/sw.js",
    [
      555578
    ]
  ],
  [
    "||dcnews.ro/sm-",
    [
      555579
    ]
  ],
  [
    "||elpais.com.uy/utms.js",
    [
      555580
    ]
  ],
  [
    "||flashscore.fr^*/build/notifications.",
    [
      555581
    ]
  ],
  [
    "||futura-sciences.com/clientscript/push.js",
    [
      555582
    ]
  ],
  [
    "||horoscope.fr/notifications/",
    [
      555583
    ]
  ],
  [
    "||informazione.it/wr/promo-miainfo.js",
    [
      555584
    ]
  ],
  [
    "||metrobilbao.eus/firebase-messaging-sw.js",
    [
      555585
    ]
  ],
  [
    "||push.idowa.de^",
    [
      555586
    ]
  ],
  [
    "||push.neko-san.fr^",
    [
      555587
    ]
  ],
  [
    "||pushme.magellanotech.it^",
    [
      555588
    ]
  ],
  [
    "||tio.ch/js/api.push.js",
    [
      555589
    ]
  ],
  [
    "||tutto.tv/wp-content/plugins/plugin-notifiche-",
    [
      555590
    ]
  ],
  [
    "||uchubiz.com/wp-content/themes/uchubiz/assets/js/push.js",
    [
      555591
    ]
  ],
  [
    "||winnipegfreepress.com/firebase-messaging-sw.js",
    [
      555592
    ]
  ],
  [
    "||static.chrono24.com/lib/generated/js/app-hint-layer.",
    [
      555593
    ]
  ],
  [
    "||tapcart.com/mobile-download-banner/banner-min.js",
    [
      555594
    ]
  ],
  [
    "@@||bostonherald.com^*/webpush.js$script,~third-party",
    [
      555595
    ]
  ],
  [
    "@@||braze.com/api/$domain=dairyqueen.com|deezer.com",
    [
      555596
    ]
  ],
  [
    "@@||forums.opera.com/assets/src/modules/notifications.js$~third-party",
    [
      555597
    ]
  ],
  [
    "@@||inevent.com/js/wizard/pushNotification.js$script,~third-party",
    [
      555598
    ]
  ],
  [
    "@@||learner.mycreds.ca/assets/js/modules/notifications.min.js$~third-party",
    [
      555599
    ]
  ],
  [
    "@@||ledevoir.com/js/web-push.js$script,~third-party",
    [
      555600
    ]
  ],
  [
    "@@||oakley.com^*/notifications.js$~third-party",
    [
      555601
    ]
  ],
  [
    "@@||paste.crdroid.net/assets/js/modules/notifications.js$script,~third-party",
    [
      555602
    ]
  ],
  [
    "@@||snrcdn.net/sdk/3.0/synerise-javascript-sdk.min.js$domain=komputronik.pl",
    [
      555603
    ]
  ],
  [
    "@@||st.mycdn.me/static/*/WebPush.js$script,domain=ok.ru",
    [
      555604
    ]
  ],
  [
    "@@||webpush.jp/js/browserpushv3.js$domain=zakzak.co.jp",
    [
      555605
    ]
  ],
  [
    "@@||anadolu.edu.tr/assets/js/jquery.smartbanner.js$~third-party",
    [
      555606
    ]
  ],
  [
    "@@||assure.ameli.fr^*/smart-app-banner.js$~third-party",
    [
      555607
    ]
  ],
  [
    "@@||mafia.ua/js/jquery.smartbanner.js$script,~third-party",
    [
      555608
    ]
  ],
  [
    "@@||mirage.ru/js/jquery.smartbanner.js$script,~third-party",
    [
      555609
    ]
  ]
]