[
  [
    "sleeknotestaticcontent.sleeknote.com",
    [
      1095419
    ]
  ],
  [
    "||js.driftt.com/include$script",
    [
      1095420
    ]
  ],
  [
    "||assets.ubembed.com/universal$script",
    [
      1095421
    ]
  ],
  [
    "||lightboxcdn.com/vendor$script",
    [
      1095422
    ]
  ],
  [
    "||mailocator.net/_/$script",
    [
      1095423
    ]
  ],
  [
    "cdn1.pdmntn.com",
    [
      1095424
    ]
  ],
  [
    "||static.mailerlite.com/js$script",
    [
      1095425
    ]
  ],
  [
    "||pmdstatic.net/bundle.php$script",
    [
      1095426
    ]
  ],
  [
    "||front.optimonk.com/public/$script",
    [
      1095427
    ]
  ],
  [
    "/wp-content/plugins/newsletter-leads",
    [
      1095428
    ]
  ],
  [
    "||downloads.mailchimp.com/js/signup-forms$script",
    [
      1095429
    ]
  ],
  [
    "||conduit.mailchimpapp.com/js/stores$script",
    [
      1095430
    ]
  ],
  [
    "||a.optmnstr.com/app/js/$script",
    [
      1095431
    ]
  ],
  [
    "||getsocial.io/client$script",
    [
      1095432
    ]
  ],
  [
    "||static.ctctcdn.com/js/signup-form-widget$script,domain=~centerforhealthsecurity.org",
    [
      1095433
    ]
  ],
  [
    "||cdn.justuno.com/mwgt$script",
    [
      1095434
    ]
  ],
  [
    "||a.mailmunch.co/app/$script",
    [
      1095435
    ]
  ],
  [
    "/newsletterPopup.js",
    [
      1095436
    ]
  ],
  [
    "/pmgnews/overlay/newsletter",
    [
      1095437
    ]
  ],
  [
    "||dotmailer-surveys.com/scripts/survey.js$script",
    [
      1095438
    ]
  ],
  [
    "||yieldify.com/yieldify/code.js$script",
    [
      1095439
    ]
  ],
  [
    "||widget.privy.com/assets/widget.js$script",
    [
      1095440
    ]
  ],
  [
    "sumo.b-cdn.net",
    [
      1095441
    ]
  ],
  [
    "||connect.nosto.com/include$script",
    [
      1095442
    ]
  ],
  [
    "||chimpstatic.com/mcjs-connected/js/users$script",
    [
      1095443
    ]
  ],
  [
    "||assets.pcrl.co/js/$script",
    [
      1095444
    ]
  ],
  [
    "/wp-content/plugins/email-subscribers/widget/es-widget-page.js",
    [
      1095445
    ]
  ],
  [
    "||youlead.pl/Scripts/Dynamic.js$script",
    [
      1095446
    ]
  ],
  [
    "||m8.mailplus.nl/genericservice$script",
    [
      1095447
    ]
  ],
  [
    "||restapi.mailplus.nl/integrationservice$script",
    [
      1095448
    ]
  ],
  [
    "||snrcdn.net/sdk/$script",
    [
      1095449
    ]
  ],
  [
    "||cdn.dynamicyield.com/api$script,domain=~haix.de|~bancofalabella.cl|~gymshark.com",
    [
      1095450
    ]
  ],
  [
    "||static.newsletter2go.com/utils.js$script",
    [
      1095451
    ]
  ],
  [
    "/widget/ecNewsletterPopup/*",
    [
      1095452
    ]
  ],
  [
    "||a.optmstr.com/app/js/$script",
    [
      1095453
    ]
  ],
  [
    "||api.autopilothq.com/anywhere/$script",
    [
      1095454
    ]
  ],
  [
    "||c.salecycle.com/osr/config$script",
    [
      1095455
    ]
  ],
  [
    "/wp-content/plugins/thrive-leads/*$domain=~itnator.net",
    [
      1095456
    ]
  ],
  [
    "/wp-content/plugins/bloom/*",
    [
      1095457
    ]
  ],
  [
    "||js.hsleadflows.net/leadflows.js$script",
    [
      1095458
    ]
  ],
  [
    "/clientlib-newsletter.js",
    [
      1095459
    ]
  ],
  [
    "||c.lytics.io/static/pathfora$script",
    [
      1095460
    ]
  ],
  [
    "email-signup-form-popup.js",
    [
      1095461
    ]
  ],
  [
    "||netpeak.cloud/source/js$script",
    [
      1095462
    ]
  ],
  [
    "||bunting.com/call$script",
    [
      1095463
    ]
  ],
  [
    "||cdn.connectif.cloud/cl1/client-script/$script",
    [
      1095464
    ]
  ],
  [
    "/essb-optin-booster.js",
    [
      1095465
    ]
  ],
  [
    "f.convertkit.com",
    [
      1095466
    ]
  ],
  [
    "api.morningcatch.net",
    [
      1095467
    ]
  ],
  [
    "||shopify.privy.com/widget.js$script",
    [
      1095468
    ]
  ],
  [
    "load.sumo.com",
    [
      1095469
    ]
  ],
  [
    "||cdn.listrakbi.com/scripts/script.js$script",
    [
      1095470
    ]
  ],
  [
    "/wp-content/plugins/dreamgrow-scroll-triggered-box/*",
    [
      1095471
    ]
  ],
  [
    "||d3bo67muzbfgtl.cloudfront.net/edrone$script",
    [
      1095472
    ]
  ],
  [
    "/newsletter_modals.min.",
    [
      1095473
    ]
  ],
  [
    "my.hellobar.com",
    [
      1095474
    ]
  ],
  [
    "||screenpopper.com/s-hub$script",
    [
      1095475
    ]
  ],
  [
    "||static.scarabresearch.com/wpjs$script",
    [
      1095476
    ]
  ],
  [
    "||cdn.swellrewards.com/loader$script",
    [
      1095477
    ]
  ],
  [
    "||lifterpopup.com/js/modal.js$script",
    [
      1095478
    ]
  ],
  [
    "||lpages.co/leadbox$script",
    [
      1095479
    ]
  ],
  [
    "||cdn.crall.io/t/client.js$script",
    [
      1095480
    ]
  ],
  [
    "||a.opmnstr.com/app/js/$script",
    [
      1095481
    ]
  ],
  [
    "||app2.salesmanago.pl/dynamic$script",
    [
      1095482
    ]
  ],
  [
    "||se.monetate.net/js/$script",
    [
      1095483
    ]
  ],
  [
    "||cdn.blueconic.net/hearst.js$script",
    [
      1095484
    ]
  ],
  [
    "/js/website/modal-newsletter~rc-module-newsletter",
    [
      1095485
    ]
  ],
  [
    "||cdn.omniconvert.com/js$script",
    [
      1095486
    ]
  ],
  [
    "||cdn.omniconvert.com/async/js$script",
    [
      1095487
    ]
  ],
  [
    "/frosmo.easy.js",
    [
      1095488
    ]
  ],
  [
    "||static-sb.com/js/sb-tracker.js$script",
    [
      1095489
    ]
  ],
  [
    "||mailmojo.no/sdk.js$script",
    [
      1095490
    ]
  ],
  [
    "/wp-content/popupally-pro-scripts",
    [
      1095491
    ]
  ],
  [
    "||media-inea.ipresso.pl/monitoridentification$script",
    [
      1095492
    ]
  ],
  [
    "/wp-content/plugins/mailoptin/*",
    [
      1095493
    ]
  ],
  [
    "||a.optnmnstr.com/app/js/$script",
    [
      1095494
    ]
  ],
  [
    "||static.popmechanic.ru/service/loader.js$script",
    [
      1095495
    ]
  ],
  [
    "static.zotabox.com",
    [
      1095496
    ]
  ],
  [
    "||marketbeat.com/scripts/modal/affiliatepopup.js$script",
    [
      1095497
    ]
  ],
  [
    "||widget.pico.tools/static/js/bundle.js$script",
    [
      1095498
    ]
  ],
  [
    "||powr.io/powr.js$script",
    [
      1095499
    ]
  ],
  [
    "/wp-content/plugins/layered-popups/*",
    [
      1095500
    ]
  ],
  [
    "/wp-content/plugins/mailchimp-for-wp/*",
    [
      1095501
    ]
  ],
  [
    "||bounceexchange.com/tag$script",
    [
      1095502
    ]
  ],
  [
    "tag.bounceexchange.com",
    [
      1095503
    ]
  ],
  [
    "||leadpages.net/leadboxes/current$script",
    [
      1095504
    ]
  ],
  [
    "||flodesk.com/universal$script",
    [
      1095505
    ]
  ],
  [
    "||activehosted.com/f/embed.php$script,domain=~renegade.global",
    [
      1095506
    ]
  ],
  [
    "/wp-content/plugins/99robots-optin-fire/*",
    [
      1095507
    ]
  ],
  [
    "||getresponse.com/view_webform$script",
    [
      1095508
    ]
  ],
  [
    "/gr-popups$script",
    [
      1095509
    ]
  ],
  [
    "||get.exitintel.com/load.js$script",
    [
      1095510
    ]
  ],
  [
    "/popup-by-supsystic/*",
    [
      1095511
    ]
  ],
  [
    "||cdn.jst.ai/mwgt$script",
    [
      1095512
    ]
  ],
  [
    "||milotree.com/container$script",
    [
      1095513
    ]
  ],
  [
    "/zaius-min.js",
    [
      1095514
    ]
  ],
  [
    "/wp-content/plugins/convertplug/*$~image",
    [
      1095515
    ]
  ],
  [
    "/wp-content/plugins/optin-monster/*",
    [
      1095516
    ]
  ],
  [
    ".wisepops.com/get-loader.js",
    [
      1095517
    ]
  ],
  [
    "api.exponea.com",
    [
      1095518
    ]
  ],
  [
    "/ouibounce.min.js",
    [
      1095519
    ]
  ],
  [
    "||bluecore.com/triggermail$script",
    [
      1095520
    ]
  ],
  [
    "||cloudiq.com/tag$script",
    [
      1095521
    ]
  ],
  [
    "||leadpages.net/leadbars/current/embed.js$script",
    [
      1095522
    ]
  ],
  [
    "||s.sloyalty.com/site_media$script",
    [
      1095523
    ]
  ],
  [
    "||klaviyo.com/onsite/js/vendors~signupForms$script",
    [
      1095524
    ]
  ],
  [
    "/vidstore-popups/assets/public/js/newsletter.min.js",
    [
      1095525
    ]
  ],
  [
    "||app-abd.marketo.com/js$script",
    [
      1095526
    ]
  ],
  [
    "||omappapi.com/app$script",
    [
      1095527
    ]
  ],
  [
    "tag.getdrip.com",
    [
      1095528
    ]
  ],
  [
    "||zoho.com/js/optin$script",
    [
      1095529
    ]
  ],
  [
    "/entries?content_type=staticContentBlock&fields.id=email-capture",
    [
      1095530
    ]
  ],
  [
    "||cloud-iq.com/cartrecovery/store.js$script",
    [
      1095531
    ]
  ],
  [
    "/axnewsletter.js",
    [
      1095532
    ]
  ],
  [
    "/wp-content/plugins/popupally",
    [
      1095533
    ]
  ],
  [
    "api.omappapi.com",
    [
      1095534
    ]
  ],
  [
    "/email-capture/email-capture-",
    [
      1095535
    ]
  ],
  [
    "||californiatimes.com/newsletter-campaign-manager$script",
    [
      1095536
    ]
  ],
  [
    "||quitsnap-blue.com/js/os_engine.js$script",
    [
      1095537
    ]
  ],
  [
    "/wp-content/plugins/convertpro/*",
    [
      1095538
    ]
  ],
  [
    "/wp-content/plugins/optin-revolution/*",
    [
      1095539
    ]
  ],
  [
    "||addthis.com/js/300/addthis_widget.js$script",
    [
      1095540
    ]
  ],
  [
    "api-cis.exponea.com",
    [
      1095541
    ]
  ],
  [
    "||api.traq.li/public/sdk$script",
    [
      1095542
    ]
  ],
  [
    "tracking.retargeting.biz",
    [
      1095543
    ]
  ],
  [
    "ping.contactpigeon.com",
    [
      1095544
    ]
  ],
  [
    "/newsletter-invite.js",
    [
      1095545
    ]
  ],
  [
    "/Action-Subscribe-2019.js",
    [
      1095546
    ]
  ],
  [
    "||convertbox.com/convertbox$script,third-party",
    [
      1095547
    ]
  ],
  [
    "||birdsend.co/assets/static/js/pixel/main.js$script",
    [
      1095548
    ]
  ],
  [
    "||hd.koloo.net/oo.js$script",
    [
      1095549
    ]
  ],
  [
    "||receiptful.com/scripts/shopify.js$script",
    [
      1095550
    ]
  ],
  [
    "t2.netsalesmedia.pl",
    [
      1095551
    ]
  ],
  [
    "content.govdelivery.com",
    [
      1095552
    ]
  ],
  [
    "api.pushnami.com",
    [
      1095553
    ]
  ],
  [
    "/js/deploy/syndicated-newsletter",
    [
      1095554
    ]
  ],
  [
    "||klaviyo.com/onsite/js/signup_forms$script,domain=~ufpro.com|~worldwidestereo.com|~salada.com",
    [
      1095555
    ]
  ],
  [
    "popup.popupsmart.com",
    [
      1095556
    ]
  ],
  [
    "/mol-fe-newsletter-popup/*",
    [
      1095557
    ]
  ],
  [
    "cdn.popt.in",
    [
      1095558
    ]
  ],
  [
    "||data.whizeo.com/widgets$script",
    [
      1095559
    ]
  ],
  [
    "||securedvisit.com/js/sv.js$script",
    [
      1095560
    ]
  ],
  [
    "||dev.visualwebsiteoptimizer.com/j.php$script",
    [
      1095561
    ]
  ],
  [
    "||convertkitqa.com/ckjs$script",
    [
      1095562
    ]
  ],
  [
    "||bounceexchange.com/assets/smart-tag$script",
    [
      1095563
    ]
  ],
  [
    "||adoric-om.com/adoric.js$script",
    [
      1095564
    ]
  ],
  [
    "/wp-content/plugins/woo-coupon-box/*",
    [
      1095565
    ]
  ],
  [
    "forms.convertkit.com",
    [
      1095566
    ]
  ],
  [
    "||convertkit.com/assets^$third-party",
    [
      1095567
    ]
  ],
  [
    "||sdks.automizely.com/conversions$script",
    [
      1095568
    ]
  ],
  [
    "cdn.attn.tv",
    [
      1095569
    ]
  ],
  [
    "||cdn.threadloom.com/ga$script",
    [
      1095570
    ]
  ],
  [
    "/js/website/modal-newsletter",
    [
      1095571
    ]
  ],
  [
    "/exponea.min.js",
    [
      1095572
    ]
  ],
  [
    "||newell.evergage.com/beacon$script",
    [
      1095573
    ]
  ],
  [
    "/evergage.min.js",
    [
      1095574
    ]
  ],
  [
    "/klaviyo_subscribe.js",
    [
      1095575
    ]
  ],
  [
    "||mailcampaigns.nl/interface/popup$script",
    [
      1095576
    ]
  ],
  [
    "/next-gen/dist/NewsletterPopup",
    [
      1095577
    ]
  ],
  [
    "forms.smsbump.com",
    [
      1095578
    ]
  ],
  [
    "/mod_motivatingcoupon/facebox/*",
    [
      1095579
    ]
  ],
  [
    "||static.redeal.se/widget/js/redeal.js$script",
    [
      1095580
    ]
  ],
  [
    "||cdn.optinly.net$third-party",
    [
      1095581
    ]
  ],
  [
    "/rg_smartpopup/*",
    [
      1095582
    ]
  ],
  [
    "/alert/email_subscribe/*",
    [
      1095583
    ]
  ],
  [
    "/arengu-newsletter.js",
    [
      1095584
    ]
  ],
  [
    "/popup-newsletter-$script",
    [
      1095585
    ]
  ],
  [
    "||assets.mailerlite.com^$script",
    [
      1095586
    ]
  ],
  [
    "/ps_emailsubscription.js",
    [
      1095587
    ]
  ],
  [
    "||embedded.wishpondpages.com$third-party,subdocument",
    [
      1095588
    ]
  ],
  [
    "/hs-web-interactive-$third-party,subdocument",
    [
      1095589
    ]
  ],
  [
    "/ht_newsletterpopup",
    [
      1095590
    ]
  ],
  [
    "/avada-popup.min.js",
    [
      1095591
    ]
  ],
  [
    "||connectif.cloud^$third-party",
    [
      1095592
    ]
  ],
  [
    "||tr.vitals.co^$third-party",
    [
      1095593
    ]
  ],
  [
    "||optimove.net^$third-party",
    [
      1095594
    ]
  ],
  [
    "||sail-horizon.com^$third-party",
    [
      1095595
    ]
  ],
  [
    "/assets/section-mailing-popup.",
    [
      1095596
    ]
  ],
  [
    "/kadence-conversions.",
    [
      1095597
    ]
  ],
  [
    "||postscript.io^$third-party",
    [
      1095598
    ]
  ],
  [
    "||getsitecontrol.com^$third-party",
    [
      1095599
    ]
  ],
  [
    "NotificationDisclaimerControl.js$domain=vontobel.com",
    [
      1095600
    ]
  ],
  [
    "list-builder.js$domain=wanderlust.co.uk",
    [
      1095601
    ]
  ],
  [
    "/amd_modules/newsletter-hover$domain=webmd.com",
    [
      1095602
    ]
  ],
  [
    "/politica-privacidade/lightbox$domain=toysrus.pt",
    [
      1095603
    ]
  ],
  [
    "/opentag-$domain=jet2.com",
    [
      1095604
    ]
  ],
  [
    "global-lightbox.js$domain=drschollsshoes.com",
    [
      1095605
    ]
  ],
  [
    "/wpp-popup-frontend.js$domain=globalvoices.org",
    [
      1095606
    ]
  ],
  [
    "/email.js$domain=tp-link.com",
    [
      1095607
    ]
  ],
  [
    "||ibt-mail.com/view_webform$script,domain=ibtimes.com",
    [
      1095608
    ]
  ],
  [
    "/lightboxform.js$domain=tips.net",
    [
      1095609
    ]
  ],
  [
    "/esm.js$domain=yamahamotorsports.com",
    [
      1095610
    ]
  ],
  [
    "/aiosp-jsonp.js$domain=kleren.com",
    [
      1095611
    ]
  ],
  [
    "/vol-modal/*$domain=thepaintstore.com",
    [
      1095612
    ]
  ],
  [
    "||imimg.com/js/reqForms.min.js$script,domain=indiamart.com",
    [
      1095613
    ]
  ],
  [
    "try.abtasty.com$domain=leparisien.fr",
    [
      1095614
    ]
  ],
  [
    "/Action-Subscribe$domain=naturalnews.com",
    [
      1095615
    ]
  ],
  [
    "/sharing/popover.js$domain=mymemory.co.uk",
    [
      1095616
    ]
  ],
  [
    "/popup/tsr$domain=superyachtnews.com",
    [
      1095617
    ]
  ],
  [
    "/simpleSignupManager.chunk.js$domain=manning.com",
    [
      1095618
    ]
  ],
  [
    "cdn-promote.weebly.com$domain=weebly.com",
    [
      1095619
    ]
  ],
  [
    "/acquisition-tag.js$domain=latribune.fr",
    [
      1095620
    ]
  ],
  [
    "/pharmapopin/*$domain=pharmasimple.com",
    [
      1095621
    ]
  ],
  [
    "/crm.js$domain=fujifilm-x.com",
    [
      1095622
    ]
  ],
  [
    "/sven_daspopup/*$domain=adler-farbenmeister.com",
    [
      1095623
    ]
  ],
  [
    "/PopupNewsletter/GetLayer$domain=yoox.com",
    [
      1095624
    ]
  ],
  [
    "/emailcollection/*$domain=motorsport.com",
    [
      1095625
    ]
  ],
  [
    "/popoverv2.js*$domain=britishcornershop.co.uk",
    [
      1095626
    ]
  ],
  [
    "/fp-web-flyout-widget.min.js^$domain=getfirepush.com",
    [
      1095627
    ]
  ],
  [
    "/tingle.$domain=arcade1up.com",
    [
      1095628
    ]
  ],
  [
    "||tinypass.com/api/tinypass.min.js^$domain=technologyreview.com",
    [
      1095629
    ]
  ],
  [
    "/SysConsentComponent.js$domain=netpeak.net",
    [
      1095630
    ]
  ],
  [
    "||cdn.p-n.io/pushly$script",
    [
      1095631
    ]
  ],
  [
    "||app3.emlgrid.com/static/sm.js$script",
    [
      1095632
    ]
  ],
  [
    "webpush-desktop.chunk.js",
    [
      1095633
    ]
  ],
  [
    "||push4site.com/Static/Script/$script",
    [
      1095634
    ]
  ],
  [
    "cdn.ghostmonitor.com",
    [
      1095635
    ]
  ],
  [
    "notify.hindustantimes.com",
    [
      1095636
    ]
  ],
  [
    "webpush.interia.pl",
    [
      1095637
    ]
  ],
  [
    ".izooto.com/scripts",
    [
      1095638
    ]
  ],
  [
    "js.pusher.com$domain=~itv.com|~lickd.co|~foliohd.com",
    [
      1095639
    ]
  ],
  [
    "||push-ad.com/integration.php$script",
    [
      1095640
    ]
  ],
  [
    "||cdn.pushassist.com/account/assets/$script",
    [
      1095641
    ]
  ],
  [
    "||gadgets.ndtv.com/static/desktop/js/notification_popup-min.js$script",
    [
      1095642
    ]
  ],
  [
    "pusherism.com",
    [
      1095643
    ]
  ],
  [
    "pushnest.com",
    [
      1095644
    ]
  ],
  [
    "||getpushmonkey.com/sdk/config$script",
    [
      1095645
    ]
  ],
  [
    "||cdn.onesignal.com/sdks$script",
    [
      1095646
    ]
  ],
  [
    "||pushpushgo.com/js$script",
    [
      1095647
    ]
  ],
  [
    "cdn.sendpulse.com$domain=~movie4k.eu",
    [
      1095648
    ]
  ],
  [
    "||salesmanago.pl/static/sm.js$script",
    [
      1095649
    ]
  ],
  [
    "cdn.pushcrew.com",
    [
      1095650
    ]
  ],
  [
    "/streamlined-push-plugin.production.min.js",
    [
      1095651
    ]
  ],
  [
    "app.push-ad.com",
    [
      1095652
    ]
  ],
  [
    "/pushnotification/service-worker-script.js",
    [
      1095653
    ]
  ],
  [
    "/sp-push-worker.js",
    [
      1095654
    ]
  ],
  [
    "95p5qep4aq.com",
    [
      1095655
    ]
  ],
  [
    "||snrcdn.net/sdk/$script",
    [
      1095656
    ]
  ],
  [
    "via.batch.com",
    [
      1095657
    ]
  ],
  [
    "||wonderpush.com/sdk/$script",
    [
      1095658
    ]
  ],
  [
    "clientcdn.pushengage.com",
    [
      1095659
    ]
  ],
  [
    "||web-sdk.urbanairship.com/notify/$script",
    [
      1095660
    ]
  ],
  [
    "api.sociaplus.com",
    [
      1095661
    ]
  ],
  [
    "/plugins/tmx-push/*",
    [
      1095662
    ]
  ],
  [
    "/firebase-messaging.js$domain=~dn.pt|~jn.pt",
    [
      1095663
    ]
  ],
  [
    "pushno.com",
    [
      1095664
    ]
  ],
  [
    "pushwhy.com",
    [
      1095665
    ]
  ],
  [
    "pushame.com",
    [
      1095666
    ]
  ],
  [
    "||voirfilms.ws/sw.js$script",
    [
      1095667
    ]
  ],
  [
    "||siteswithcontent.com/js/push$script",
    [
      1095668
    ]
  ],
  [
    "||cdn.moengage.com/webpush$script",
    [
      1095669
    ]
  ],
  [
    "||brandflow.net/static/general/push-init-code.js$script",
    [
      1095670
    ]
  ],
  [
    "||cleverpush.com/channel/loader$script",
    [
      1095671
    ]
  ],
  [
    "||static.getback.ch/clients$script",
    [
      1095672
    ]
  ],
  [
    "/PushNotifications.",
    [
      1095673
    ]
  ],
  [
    "cdn.pushowl.com",
    [
      1095674
    ]
  ],
  [
    "||accengage.net/pushweb/$script",
    [
      1095675
    ]
  ],
  [
    "||cdn.foxpush.net/sdk/foxpush_SDK$script",
    [
      1095676
    ]
  ],
  [
    "||js.appboycdn.com/web-sdk/$script",
    [
      1095677
    ]
  ],
  [
    "||cdn.taboola.com/libtrc/tmg-network/loader.js$script",
    [
      1095678
    ]
  ],
  [
    "/js/push_subscription.js",
    [
      1095679
    ]
  ],
  [
    "||pushwoosh.com/webpush$script",
    [
      1095680
    ]
  ],
  [
    "push_service-worker.js",
    [
      1095681
    ]
  ],
  [
    "0_ghpush_client.js",
    [
      1095682
    ]
  ],
  [
    "||pastoupt.com/ntfc.php$script",
    [
      1095683
    ]
  ],
  [
    "||pushsar.com/ntfc.php$script",
    [
      1095684
    ]
  ],
  [
    "sdk.jeeng.com",
    [
      1095685
    ]
  ],
  [
    "||d3bo67muzbfgtl.cloudfront.net/edrone$script",
    [
      1095686
    ]
  ],
  [
    "||admessage.support/system_domain.js$script",
    [
      1095687
    ]
  ],
  [
    "/push/js/sdk/insider-push-native-sdk.js",
    [
      1095688
    ]
  ],
  [
    "pharance.com",
    [
      1095689
    ]
  ],
  [
    "||pushance.com/ntfc.php$script",
    [
      1095690
    ]
  ],
  [
    "||tattepush.com/push.js$script",
    [
      1095691
    ]
  ],
  [
    ".contentsitesrv.com/js/push",
    [
      1095692
    ]
  ],
  [
    "||jattepush.com/push.js$script",
    [
      1095693
    ]
  ],
  [
    "||pushanert.com/ntfc.php$script",
    [
      1095694
    ]
  ],
  [
    "/web-push/init.min.js$domain=~finanzen.ch|~finanzen.net|~finanzen.at",
    [
      1095695
    ]
  ],
  [
    "||aimtell.com/trackpush/trackpush.min.js$script",
    [
      1095696
    ]
  ],
  [
    "||hmcfront.akamaized.net/hd/extra/assets/www/notification.$script",
    [
      1095697
    ]
  ],
  [
    "/webpush.js",
    [
      1095698
    ]
  ],
  [
    "||youlead.pl/ylwebpush.js$script",
    [
      1095699
    ]
  ],
  [
    "push.delivery.ethinking.de",
    [
      1095700
    ]
  ],
  [
    "/web-push.js",
    [
      1095701
    ]
  ],
  [
    "||freeclick.me/?pu=$script",
    [
      1095702
    ]
  ],
  [
    "||cdn.pushalert.co/integrate$script",
    [
      1095703
    ]
  ],
  [
    "||cdn.gravitec.net/storage$script",
    [
      1095704
    ]
  ],
  [
    ".izooto.com/optin",
    [
      1095705
    ]
  ],
  [
    "cdn.qgraph.io",
    [
      1095706
    ]
  ],
  [
    "sw.wpush.org",
    [
      1095707
    ]
  ],
  [
    "||cdn.pn.vg/c/ig/pushnews.min.js$script",
    [
      1095708
    ]
  ],
  [
    "||subscribers.com/assets/subscribers.js$script",
    [
      1095709
    ]
  ],
  [
    "/webpush-loader.js",
    [
      1095710
    ]
  ],
  [
    "app.wigzo.com",
    [
      1095711
    ]
  ],
  [
    "app.getbeamer.com",
    [
      1095712
    ]
  ],
  [
    "api.signalize.com",
    [
      1095713
    ]
  ],
  [
    "cdn.letreach.com",
    [
      1095714
    ]
  ],
  [
    "gg.faromen.online",
    [
      1095715
    ]
  ],
  [
    "/js/webpushr.app",
    [
      1095716
    ]
  ],
  [
    "||pushwoosh.com/json$script",
    [
      1095717
    ]
  ],
  [
    "||pushpushgo.com/scripts$script",
    [
      1095718
    ]
  ],
  [
    "||hrbpark.bid/pushJs$script",
    [
      1095719
    ]
  ],
  [
    "||webpushs.com/js/push$script",
    [
      1095720
    ]
  ],
  [
    "wwopenclick.space",
    [
      1095721
    ]
  ],
  [
    "iss.shopimind.com",
    [
      1095722
    ]
  ],
  [
    "||cdn.pn.vg/push$script",
    [
      1095723
    ]
  ],
  [
    "/webpush-production.js",
    [
      1095724
    ]
  ],
  [
    "cdn.notifyvisitors.com",
    [
      1095725
    ]
  ],
  [
    "||cdn.webpushr.com/app$script",
    [
      1095726
    ]
  ],
  [
    "t2.netsalesmedia.pl",
    [
      1095727
    ]
  ],
  [
    "api.pushnami.com",
    [
      1095728
    ]
  ],
  [
    "/OneSignalSDK",
    [
      1095729
    ]
  ],
  [
    "||aswpsdkus.com/notify$script",
    [
      1095730
    ]
  ],
  [
    "/web-push-notification.js",
    [
      1095731
    ]
  ],
  [
    "/nano-webpush-ui",
    [
      1095732
    ]
  ],
  [
    "cdn.pushmaster-cdn.xyz",
    [
      1095733
    ]
  ],
  [
    "cdn.netmera-web.com",
    [
      1095734
    ]
  ],
  [
    "/smio-push-notification/*",
    [
      1095735
    ]
  ],
  [
    "/BildirtSDKfiles.js",
    [
      1095736
    ]
  ],
  [
    "cdn.onepush.app",
    [
      1095737
    ]
  ],
  [
    "||truepush.com/sdk$script",
    [
      1095738
    ]
  ],
  [
    "||assets.emarsys.net/web-emarsys-sdk/*$script",
    [
      1095739
    ]
  ],
  [
    "||notifpush.com/scripts$script",
    [
      1095740
    ]
  ],
  [
    "||js.smct.io/*/notifications*$script",
    [
      1095741
    ]
  ],
  [
    "push/push*$script",
    [
      1095742
    ]
  ],
  [
    "||pushwoosh.com^",
    [
      1095743
    ]
  ],
  [
    "/pushnotifications^",
    [
      1095744
    ]
  ],
  [
    "||sendsay.ru/backend/push/*",
    [
      1095745
    ]
  ],
  [
    "/social_push_notifications/*",
    [
      1095746
    ]
  ],
  [
    "||pushpanda.io^$third-party",
    [
      1095747
    ]
  ],
  [
    "||potisni.me/js/enable-push.js$third-party",
    [
      1095748
    ]
  ],
  [
    "/_pushAllow.js",
    [
      1095749
    ]
  ],
  [
    "/clevertap.min.js",
    [
      1095750
    ]
  ],
  [
    "plugins/tfnotifier-wp/*",
    [
      1095751
    ]
  ],
  [
    "messaging/webpush*",
    [
      1095752
    ]
  ],
  [
    "/service-webpush-firebase.js",
    [
      1095753
    ]
  ],
  [
    "/js/push.js",
    [
      1095754
    ]
  ],
  [
    "/notification.*.js$domain=~qudosbank.com.au|~myhealth.va.gov",
    [
      1095755
    ]
  ],
  [
    "||notix.io^$third-party",
    [
      1095756
    ]
  ],
  [
    "||pushouse.com^$third-party",
    [
      1095757
    ]
  ],
  [
    "||yottlyscript.com/push/*",
    [
      1095758
    ]
  ],
  [
    "/wzrk_dialog.min.js",
    [
      1095759
    ]
  ],
  [
    "||gr-cdn-e.eu/*/push-notification^$script",
    [
      1095760
    ]
  ],
  [
    "||dengage.com^$third-party",
    [
      1095761
    ]
  ],
  [
    "||larapush.com^$third-party",
    [
      1095762
    ]
  ],
  [
    "/sw.js$domain=pinterest.com",
    [
      1095763
    ]
  ],
  [
    "/public/spartanien/js/sw_handler$domain=spartanien.de",
    [
      1095764
    ]
  ],
  [
    "/pushes/notification.js$domain=rt.com",
    [
      1095765
    ]
  ],
  [
    "/js/subscriber$domain=mitula.pt",
    [
      1095766
    ]
  ],
  [
    "/firebase.js$domain=alibaba.com",
    [
      1095767
    ]
  ],
  [
    "/sw.js$domain=1337x.is",
    [
      1095768
    ]
  ],
  [
    "/sw.js$domain=1337x.to",
    [
      1095769
    ]
  ],
  [
    "/push-main-min.js$domain=ndtv.com",
    [
      1095770
    ]
  ],
  [
    "/js/adNotice.js$domain=hardwarezone.com.sg",
    [
      1095771
    ]
  ],
  [
    "/push/*$domain=tut.by",
    [
      1095772
    ]
  ],
  [
    "/firebase.min.js$domain=azoresgetaways.com",
    [
      1095773
    ]
  ],
  [
    "/firebase.js$domain=tribunavalladolid.com",
    [
      1095774
    ]
  ],
  [
    "client-.js$domain=hoerbuch.us",
    [
      1095775
    ]
  ],
  [
    "/js/a.js$domain=allevents.in",
    [
      1095776
    ]
  ],
  [
    "notifi.min.js$domain=antyradio.pl",
    [
      1095777
    ]
  ],
  [
    "/app.js$domain=lightinthebox.com",
    [
      1095778
    ]
  ],
  [
    "/min/js/sw/*$domain=sputniknews.com",
    [
      1095779
    ]
  ],
  [
    "/clientt.js$domain=cript.to",
    [
      1095780
    ]
  ],
  [
    "wsNotification.js$domain=wondershare.com",
    [
      1095781
    ]
  ],
  [
    "||tags.tiqcdn.com/utag$script,domain=national-lottery.co.uk",
    [
      1095782
    ]
  ],
  [
    "/notification-topics.js^$domain=winnipegfreepress.com",
    [
      1095783
    ]
  ],
  [
    "nebula-cdn.kampyle.com",
    [
      1095784
    ]
  ],
  [
    "||turbo.qualaroo.com/c.js$script",
    [
      1095785
    ]
  ],
  [
    "||scripts.psyma.com/layer_question$script",
    [
      1095786
    ]
  ],
  [
    "w.usabilla.com",
    [
      1095787
    ]
  ],
  [
    "||static.hotjar.com/c/hotjar$script",
    [
      1095788
    ]
  ],
  [
    "||scripts.psyma.com/html/layer/json_question.php$script",
    [
      1095789
    ]
  ],
  [
    "||visualwebsiteoptimizer.com/va_survey$script",
    [
      1095790
    ]
  ],
  [
    "gateway.answerscloud.com",
    [
      1095791
    ]
  ],
  [
    "st.getsitecontrol.com",
    [
      1095792
    ]
  ],
  [
    "||survey.g.doubleclick.net/survey$script",
    [
      1095793
    ]
  ],
  [
    "/opiniac.js",
    [
      1095794
    ]
  ],
  [
    "||ssl.ceneo.pl/shops/$script",
    [
      1095795
    ]
  ],
  [
    "||cloud.netquest.sk/scripts/widget$script",
    [
      1095796
    ]
  ],
  [
    "||storage.googleapis.com/outfox/ocs/surveys/$script",
    [
      1095797
    ]
  ],
  [
    "||kameleoon.eu/kameleoon.js$script",
    [
      1095798
    ]
  ],
  [
    "||invitation.opinionbar.com/wit/popups$script",
    [
      1095799
    ]
  ],
  [
    "||neads.delivery/opinion-seed-embed.js$script",
    [
      1095800
    ]
  ],
  [
    "||collect.mopinion.com/assets/surveys/$script",
    [
      1095801
    ]
  ],
  [
    "/runtimejs/dist/survey/js/survey.js$domain=~alchemer.eu",
    [
      1095802
    ]
  ],
  [
    "||surveygizmobeacon.s3.amazonaws.com/beaconconfigs/$script",
    [
      1095803
    ]
  ],
  [
    "||cpx.smind.hr/Log/LogData$script",
    [
      1095804
    ]
  ],
  [
    "||widget.surveymonkey.com/collect$script,domain=~onboarding.italki.com",
    [
      1095805
    ]
  ],
  [
    "||cdn.feedbackify.com/f.js$script",
    [
      1095806
    ]
  ],
  [
    "||invitation.opinionbar.com/popups$script",
    [
      1095807
    ]
  ],
  [
    "/bundles/Scripts/OpinionLab.js",
    [
      1095808
    ]
  ],
  [
    "||survey.nuggad.net/c/layer-html$script",
    [
      1095809
    ]
  ],
  [
    "||ips-invite.iperceptions.com/invitations$script",
    [
      1095810
    ]
  ],
  [
    "/oo_engine.min.js",
    [
      1095811
    ]
  ],
  [
    "||userzoom.com/feedback$script",
    [
      1095812
    ]
  ],
  [
    "||invite.leanlab.co/invite/invite.js$script",
    [
      1095813
    ]
  ],
  [
    "||userreport.com/newsquest/launcher.js$script",
    [
      1095814
    ]
  ],
  [
    "siteintercept.qualtrics.com",
    [
      1095815
    ]
  ],
  [
    "||sandsiv.com/digi_runner.js?surveyId$script",
    [
      1095816
    ]
  ],
  [
    "||digitalfeedback.euro.confirmit.com/api$script",
    [
      1095817
    ]
  ],
  [
    "||taskanalytics.com/tm.js$script",
    [
      1095818
    ]
  ],
  [
    "popup.designtutkimus.fi",
    [
      1095819
    ]
  ],
  [
    "||guitaretab.com/static/js/hats$script",
    [
      1095820
    ]
  ],
  [
    "/v1/survey_invite.min.js",
    [
      1095821
    ]
  ],
  [
    "||app.alpheid.com/js/marketing_automation$script",
    [
      1095822
    ]
  ],
  [
    "||siteimproveanalytics.com/js/siteanalyze$script",
    [
      1095823
    ]
  ],
  [
    "||cdn.judge.me/shopify_v2.js$script",
    [
      1095824
    ]
  ],
  [
    "||static.yourcx.io/customers$script",
    [
      1095825
    ]
  ],
  [
    "||webankieta.pl/scripts/widget$script",
    [
      1095826
    ]
  ],
  [
    "popin.survey-xact.dk",
    [
      1095827
    ]
  ],
  [
    "||myaudience.de/sv/rifflejs.php$script",
    [
      1095828
    ]
  ],
  [
    "||survey.survicate.com/workspaces$script",
    [
      1095829
    ]
  ],
  [
    "||tryinteract.com/promotions/init.js$script",
    [
      1095830
    ]
  ],
  [
    "||scripts.psyma.com/scripts$script",
    [
      1095831
    ]
  ],
  [
    "||surveygizmo.eu/runtimejs/intercept$script",
    [
      1095832
    ]
  ],
  [
    "widgets.opinary.com",
    [
      1095833
    ]
  ],
  [
    "||uxfeedback.ru/widget.js$script",
    [
      1095834
    ]
  ],
  [
    "||e-satisfaction.com/dist/js/integration$script",
    [
      1095835
    ]
  ],
  [
    "||gateway.foresee.com$third-party",
    [
      1095836
    ]
  ],
  [
    "/vendor/opinionlab/*$domain=lenovo.com",
    [
      1095837
    ]
  ],
  [
    "survey.js$domain=medier24.no",
    [
      1095838
    ]
  ],
  [
    "/components-nps-survey$domain=spanishdict.com",
    [
      1095839
    ]
  ],
  [
    "ExitIntentModal.js$domain=stepstone.de",
    [
      1095840
    ]
  ],
  [
    "/surveys/*$domain=europa.eu",
    [
      1095841
    ]
  ],
  [
    "||visitor.reactful.com/dist/main$script",
    [
      1095842
    ]
  ],
  [
    "/popup/puppy.js$domain=sueddeutsche.de",
    [
      1095843
    ]
  ],
  [
    "||userreport.com/aperitif/launcher.js",
    [
      1095844
    ]
  ],
  [
    "||apps.veedio.it/js/videobox$script",
    [
      1095845
    ]
  ],
  [
    "/responsive-player/video-feature-sticky.js",
    [
      1095846
    ]
  ],
  [
    "||s-pt.ppstatic.pl/p/js/regionalne/plywajace_wideo.js$script",
    [
      1095847
    ]
  ],
  [
    "/js/compiled/atoms/article/sticky-video.js",
    [
      1095848
    ]
  ],
  [
    "||sdk.digitalbees.it/jssdk.js$script",
    [
      1095849
    ]
  ],
  [
    "||live.sekindo.com/live/liveView.php$script",
    [
      1095850
    ]
  ],
  [
    "||c.jsrdn.com/s/cs.js$script",
    [
      1095851
    ]
  ],
  [
    "||playwire.com/plugins/docky.min.js$script",
    [
      1095852
    ]
  ],
  [
    "||cdn.connatix.com/min/connatix.renderer.infeed.min.js$script",
    [
      1095853
    ]
  ],
  [
    "||ultimedia.com/api/widget/smart$script",
    [
      1095854
    ]
  ],
  [
    "||stream.playbuzz.com/embed/sdk.js$script",
    [
      1095855
    ]
  ],
  [
    "||delivery.youplay.se/load.js$script",
    [
      1095856
    ]
  ],
  [
    "embed.sendtonews.com",
    [
      1095857
    ]
  ],
  [
    "/wp-content/plugins/pmc-plugins/pmc-adm/*",
    [
      1095858
    ]
  ],
  [
    "||services.brid.tv/player$script",
    [
      1095859
    ]
  ],
  [
    "||mgid.com/js/wglibs/mgWidget$script",
    [
      1095860
    ]
  ],
  [
    "/stn-player.js$domain=titantv.com",
    [
      1095861
    ]
  ],
  [
    "||vplayer.enthusiastgaming.com/player/build/plugins/slideinview/*",
    [
      1095862
    ]
  ],
  [
    "/mol-adverts-delayed.js$domain=dailymail.co.uk",
    [
      1095863
    ]
  ],
  [
    "/twocol_article_autoplay/*$domain=belfasttelegraph.co.uk",
    [
      1095864
    ]
  ],
  [
    "players.brightcove.net$domain=uproxx.com",
    [
      1095865
    ]
  ],
  [
    "/coronaWidget5/*$domain=ibtimes.sg",
    [
      1095866
    ]
  ]
]